-- test bad arg
create function test_err1(dat text)
returns text as $$
    cluster 'testcluster';
    run on hashtext(username);
$$ language plproxy;
select * from test_err1('dat');
ERROR:  column "username" does not exist
LINE 1: select * from hashtext(username)
                               ^
QUERY:  select * from hashtext(username)
create function test_err2(dat text)
returns text as $$
    cluster 'testcluster';
    run on hashtext($2);
$$ language plproxy;
select * from test_err2('dat');
ERROR:  PL/Proxy function public.test_err2(1): Compile error at line 3: invalid argument reference: $2
create function test_err3(dat text)
returns text as $$
    cluster 'nonexists';
    run on hashtext($1);
$$ language plproxy;
select * from test_err3('dat');
ERROR:  no such cluster: nonexists
CONTEXT:  SQL statement "select * from plproxy.get_cluster_version($1)"
-- should work
create function test_err_none(dat text)
returns text as $$
    cluster 'testcluster';
    run on hashtext($1);
    select 'ok';
$$ language plproxy;
select * from test_err_none('dat');
 test_err_none 
---------------
 ok
(1 row)

--- result map errors
create function test_map_err1(dat text)
returns text as $$ cluster 'testcluster'; run on 0;
    select dat as "foo", 'asd' as "bar";
$$ language plproxy;
select * from test_map_err1('dat');
ERROR:  PL/Proxy function public.test_map_err1(1): single field function but got record
create function test_map_err2(dat text, out res1 text, out res2 text)
returns record as $$ cluster 'testcluster'; run on 0;
    select dat as res1;
$$ language plproxy;
select * from test_map_err2('dat');
ERROR:  PL/Proxy function public.test_map_err2(1): Got too few fields from remote end
create function test_map_err3(dat text, out res1 text, out res2 text)
returns record as $$ cluster 'testcluster'; run on 0;
    select dat as res1, 'foo' as res_none;
$$ language plproxy;
select * from test_map_err3('dat');
ERROR:  PL/Proxy function public.test_map_err3(1): Field res2 does not exists in result
create function test_map_err4(dat text, out res1 text, out res2 text)
returns record as $$
    --cluster 'testcluster';
    run on hashtext(dat);
    select dat as res2, 'foo' as res1;
$$ language plproxy;
select * from test_map_err4('dat');
ERROR:  PL/Proxy function public.test_map_err4(1): Compile error at line 5: CLUSTER statement missing
create function test_variadic_err(first text, rest variadic text[])
returns text as $$
    cluster 'testcluster';
$$ language plproxy;
select * from test_variadic_err('dat', 'dat', 'dat');
ERROR:  PL/Proxy does not support variadic args
create function test_volatile_err(dat text)
returns text
stable
as $$
    cluster 'testcluster';
$$ language plproxy;
select * from test_volatile_err('dat');
ERROR:  PL/Proxy functions must be volatile
create function test_pseudo_arg_err(dat cstring)
returns text
as $$
    cluster 'testcluster';
$$ language plproxy;
select * from test_pseudo_arg_err(textout('dat'));
ERROR:  PL/Proxy function public.test_pseudo_arg_err(0): unsupported pseudo type: cstring (2275)
create function test_pseudo_ret_err(dat text)
returns cstring
as $$
    cluster 'testcluster';
$$ language plproxy;
select * from test_pseudo_ret_err('dat');
ERROR:  PL/Proxy function public.test_pseudo_ret_err(0): unsupported pseudo type: cstring (2275)
create function test_runonall_err(dat text)
returns text
as $$
    cluster 'testcluster';
    run on all;
$$ language plproxy;
select * from test_runonall_err('dat');
ERROR:  PL/Proxy function public.test_runonall_err(1): RUN ON ALL requires set-returning function
